[[13]]
13
[[6]]
6
